// Jest Snapshot v1, https://goo.gl/fbAQLP

exports[`MenuItem should render correctly 1`] = `
<div
  className="menu-item"
>
  <div
    className="background-image"
    style={
      Object {
        "backgroundImage": "url(ImageUrl)",
      }
    }
  />
  <div
    className="content"
  >
    <h1
      className="title"
    >
      TITLE
    </h1>
    <span
      className="subtitle"
    >
      SHOP NOW
    </span>
  </div>
</div>
`;
